
> nextn@0.1.0 build
> next build

  Γû▓ Next.js 15.0.0

   Creating an optimized production build ...
node.exe : Failed to compile.
At line:1 char:1
+ & "C:\Program 
Files\nodejs/node.exe" 
"C:\Users\Administrator\AppData\ 
...
+ ~~~~~~~~~~~~~~~~~~~~~~~~~~~~~~~
~~~~~~~~~~~~~~~~~~~~~~~~~~~~~~~~~
~~~~~
    + CategoryInfo          : No 
   tSpecified: (Failed to compi  
  le.:String) [], RemoteExcept   
 ion
    + FullyQualifiedErrorId : Na 
   tiveCommandError
 

Error: EISDIR: illegal operation 
on a directory, readlink 'E:\Stuf
f\Car-app\node_modules\next\dist\
pages\_app.js'


> Build failed because of 
webpack errors
